#! /c/Source/iverilog-install/bin/vvp
:ivl_version "12.0 (devel)" "(s20150603-1110-g18392a46)";
:ivl_delay_selection "TYPICAL";
:vpi_time_precision + 0;
:vpi_module "C:\iverilog\lib\ivl\system.vpi";
:vpi_module "C:\iverilog\lib\ivl\vhdl_sys.vpi";
:vpi_module "C:\iverilog\lib\ivl\vhdl_textio.vpi";
:vpi_module "C:\iverilog\lib\ivl\v2005_math.vpi";
:vpi_module "C:\iverilog\lib\ivl\va_math.vpi";
S_000001fcdf9d6e30 .scope module, "half_adder" "half_adder" 2 1;
 .timescale 0 0;
    .port_info 0 /OUTPUT 1 "sum";
    .port_info 1 /OUTPUT 1 "carry";
    .port_info 2 /INPUT 1 "a";
    .port_info 3 /INPUT 1 "b";
o000001fcdf9d6fd8 .functor BUFZ 1, C4<z>; HiZ drive
o000001fcdf9d7008 .functor BUFZ 1, C4<z>; HiZ drive
L_000001fcdf9167f0 .functor XOR 1, o000001fcdf9d6fd8, o000001fcdf9d7008, C4<0>, C4<0>;
L_000001fcdf9d6120 .functor AND 1, o000001fcdf9d6fd8, o000001fcdf9d7008, C4<1>, C4<1>;
v000001fcdf916c40_0 .net "a", 0 0, o000001fcdf9d6fd8;  0 drivers
v000001fcdf916750_0 .net "b", 0 0, o000001fcdf9d7008;  0 drivers
v000001fcdf9d6080_0 .net "carry", 0 0, L_000001fcdf9d6120;  1 drivers
v000001fcdf91e6e0_0 .net "sum", 0 0, L_000001fcdf9167f0;  1 drivers
# The file index is used to find the file name in the following table.
:file_names 3;
    "N/A";
    "<interactive>";
    "half_adder.v";
