#! /c/Source/iverilog-install/bin/vvp
:ivl_version "12.0 (devel)" "(s20150603-1110-g18392a46)";
:ivl_delay_selection "TYPICAL";
:vpi_time_precision + 0;
:vpi_module "C:\iverilog\lib\ivl\system.vpi";
:vpi_module "C:\iverilog\lib\ivl\vhdl_sys.vpi";
:vpi_module "C:\iverilog\lib\ivl\vhdl_textio.vpi";
:vpi_module "C:\iverilog\lib\ivl\v2005_math.vpi";
:vpi_module "C:\iverilog\lib\ivl\va_math.vpi";
S_0000018bcdff6d20 .scope module, "Comparator" "Comparator" 2 1;
 .timescale 0 0;
    .port_info 0 /OUTPUT 3 "Y";
    .port_info 1 /INPUT 4 "A";
    .port_info 2 /INPUT 4 "B";
o0000018bcdff6f58 .functor BUFZ 4, C4<zzzz>; HiZ drive
v0000018bcdff6eb0_0 .net "A", 3 0, o0000018bcdff6f58;  0 drivers
o0000018bcdff6f88 .functor BUFZ 4, C4<zzzz>; HiZ drive
v0000018bcdfc2b20_0 .net "B", 3 0, o0000018bcdff6f88;  0 drivers
v0000018bcdf3e490_0 .var "Y", 2 0;
E_0000018bcdf38b10 .event anyedge, v0000018bcdfc2b20_0, v0000018bcdff6eb0_0;
    .scope S_0000018bcdff6d20;
T_0 ;
    %wait E_0000018bcdf38b10;
    %load/vec4 v0000018bcdff6eb0_0;
    %load/vec4 v0000018bcdfc2b20_0;
    %cmp/e;
    %jmp/0xz  T_0.0, 4;
    %pushi/vec4 2, 0, 3;
    %store/vec4 v0000018bcdf3e490_0, 0, 3;
    %jmp T_0.1;
T_0.0 ;
    %load/vec4 v0000018bcdff6eb0_0;
    %load/vec4 v0000018bcdfc2b20_0;
    %cmp/u;
    %jmp/0xz  T_0.2, 5;
    %pushi/vec4 1, 0, 3;
    %store/vec4 v0000018bcdf3e490_0, 0, 3;
    %jmp T_0.3;
T_0.2 ;
    %load/vec4 v0000018bcdfc2b20_0;
    %load/vec4 v0000018bcdff6eb0_0;
    %cmp/u;
    %jmp/0xz  T_0.4, 5;
    %pushi/vec4 4, 0, 3;
    %store/vec4 v0000018bcdf3e490_0, 0, 3;
T_0.4 ;
T_0.3 ;
T_0.1 ;
    %jmp T_0;
    .thread T_0, $push;
# The file index is used to find the file name in the following table.
:file_names 3;
    "N/A";
    "<interactive>";
    "Comparator.v";
