#! /c/Source/iverilog-install/bin/vvp
:ivl_version "12.0 (devel)" "(s20150603-1110-g18392a46)";
:ivl_delay_selection "TYPICAL";
:vpi_time_precision - 12;
:vpi_module "C:\iverilog\lib\ivl\system.vpi";
:vpi_module "C:\iverilog\lib\ivl\vhdl_sys.vpi";
:vpi_module "C:\iverilog\lib\ivl\vhdl_textio.vpi";
:vpi_module "C:\iverilog\lib\ivl\v2005_math.vpi";
:vpi_module "C:\iverilog\lib\ivl\va_math.vpi";
S_000001834ebbb6d0 .scope module, "tb_comparator" "tb_comparator" 2 4;
 .timescale -9 -12;
v000001834eae62f0_0 .var/i "response_file", 31 0;
v000001834eae6390_0 .var/i "scan_count", 31 0;
v000001834eae6430_0 .var/i "stimulus_file", 31 0;
v000001834eae64d0_0 .var "t_A", 3 0;
v000001834ead5ed0_0 .var "t_B", 3 0;
v000001834ead5f70_0 .net "t_Y", 2 0, v000001834eae6250_0;  1 drivers
S_000001834eae60c0 .scope module, "C" "Comparator" 2 10, 3 1 0, S_000001834ebbb6d0;
 .timescale 0 0;
    .port_info 0 /OUTPUT 3 "Y";
    .port_info 1 /INPUT 4 "A";
    .port_info 2 /INPUT 4 "B";
v000001834ebba8c0_0 .net "A", 3 0, v000001834eae64d0_0;  1 drivers
v000001834eab2b60_0 .net "B", 3 0, v000001834ead5ed0_0;  1 drivers
v000001834eae6250_0 .var "Y", 2 0;
E_000001834eae9d90 .event anyedge, v000001834eab2b60_0, v000001834ebba8c0_0;
    .scope S_000001834eae60c0;
T_0 ;
    %wait E_000001834eae9d90;
    %load/vec4 v000001834ebba8c0_0;
    %load/vec4 v000001834eab2b60_0;
    %cmp/e;
    %jmp/0xz  T_0.0, 4;
    %pushi/vec4 2, 0, 3;
    %store/vec4 v000001834eae6250_0, 0, 3;
    %jmp T_0.1;
T_0.0 ;
    %load/vec4 v000001834ebba8c0_0;
    %load/vec4 v000001834eab2b60_0;
    %cmp/u;
    %jmp/0xz  T_0.2, 5;
    %pushi/vec4 1, 0, 3;
    %store/vec4 v000001834eae6250_0, 0, 3;
    %jmp T_0.3;
T_0.2 ;
    %load/vec4 v000001834eab2b60_0;
    %load/vec4 v000001834ebba8c0_0;
    %cmp/u;
    %jmp/0xz  T_0.4, 5;
    %pushi/vec4 4, 0, 3;
    %store/vec4 v000001834eae6250_0, 0, 3;
T_0.4 ;
T_0.3 ;
T_0.1 ;
    %jmp T_0;
    .thread T_0, $push;
    .scope S_000001834ebbb6d0;
T_1 ;
    %vpi_func 2 15 "$fopen" 32, "test_vectors.txt", "r" {0 0 0};
    %store/vec4 v000001834eae6430_0, 0, 32;
    %load/vec4 v000001834eae6430_0;
    %cmpi/e 0, 0, 32;
    %jmp/0xz  T_1.0, 4;
    %vpi_call 2 17 "$display", "ERROR: Cannot open test_vectors.txt" {0 0 0};
    %vpi_call 2 18 "$finish" {0 0 0};
T_1.0 ;
    %vpi_func 2 22 "$fopen" 32, "test_results.txt", "w" {0 0 0};
    %store/vec4 v000001834eae62f0_0, 0, 32;
    %load/vec4 v000001834eae62f0_0;
    %cmpi/e 0, 0, 32;
    %jmp/0xz  T_1.2, 4;
    %vpi_call 2 24 "$display", "ERROR: Cannot open test_results.txt" {0 0 0};
    %vpi_call 2 25 "$finish" {0 0 0};
T_1.2 ;
    %vpi_call 2 28 "$display", "Start Simulation" {0 0 0};
    %vpi_call 2 29 "$fwrite", v000001834eae62f0_0, "Time(ns)\011A_in\011B_in\011Y_out\012" {0 0 0};
T_1.4 ;
    %vpi_func 2 32 "$feof" 32, v000001834eae6430_0 {0 0 0};
    %nor/r;
    %flag_set/vec4 8;
    %jmp/0xz T_1.5, 8;
    %vpi_func 2 36 "$fscanf" 32, v000001834eae6430_0, "%b %b\012", v000001834eae64d0_0, v000001834ead5ed0_0 {0 0 0};
    %store/vec4 v000001834eae6390_0, 0, 32;
    %load/vec4 v000001834eae6390_0;
    %cmpi/e 2, 0, 32;
    %jmp/0xz  T_1.6, 4;
    %delay 5000, 0;
    %vpi_call 2 41 "$fwrite", v000001834eae62f0_0, "\012 %0t\011%b\011%b\011%b", $time, v000001834eae64d0_0, v000001834ead5ed0_0, v000001834ead5f70_0 {0 0 0};
    %jmp T_1.7;
T_1.6 ;
    %load/vec4 v000001834eae6390_0;
    %cmpi/ne 4294967295, 0, 32;
    %jmp/0xz  T_1.8, 4;
    %vpi_call 2 45 "$display", "Warning: Incomplete line read at time %0t", $time {0 0 0};
T_1.8 ;
T_1.7 ;
    %jmp T_1.4;
T_1.5 ;
    %vpi_call 2 52 "$display", "Test finished. Closing files." {0 0 0};
    %vpi_call 2 53 "$fclose", v000001834eae6430_0 {0 0 0};
    %vpi_call 2 54 "$fclose", v000001834eae62f0_0 {0 0 0};
    %vpi_call 2 55 "$finish" {0 0 0};
    %end;
    .thread T_1;
# The file index is used to find the file name in the following table.
:file_names 4;
    "N/A";
    "<interactive>";
    "tb_comparator.v";
    "./Comparator.v";
